// Jest Snapshot v1, https://goo.gl/fbAQLP

exports[`<SomeComponent /> renders correctly with provided props 1`] = `
<React.Fragment>
  <div
    onClick={[Function]}
  />
</React.Fragment>
`;
